WARNING:swarm.manager:Single consternation from architect: The constant-size packet requirement with onion routing is the trickiest part. The standard approach of adding padding after each layer peel works, but the inner payload capacity shrinks with each added hop, meaning the sender must know the route length to size the payload correctly. This is solvable but requires careful byte-level accounting. Also, converting Ed25519 to X25519 for encryption is well-supported by the cryptography library but adds a subtle dependency on that specific conversion being available. — continuing
WARNING:swarm.manager:Single consternation from architect: The constant-size packet requirement with onion routing is the trickiest part. The standard approach of adding padding after each layer peel works, but the inner payload capacity shrinks with each added hop, meaning the sender must know the route length to size the payload correctly. This is solvable but requires careful byte-level accounting. Also, converting Ed25519 to X25519 for encryption is well-supported by the cryptography library but adds a subtle dependency on that specific conversion being available. — continuing
WARNING:swarm.manager:Single consternation from architect: The constant-size packet requirement with onion routing is the trickiest part. The standard approach of adding padding after each layer peel works, but the inner payload capacity shrinks with each added hop, meaning the sender must know the route length to size the payload correctly. This is solvable but requires careful byte-level accounting. Also, converting Ed25519 to X25519 for encryption is well-supported by the cryptography library but adds a subtle dependency on that specific conversion being available. — continuing

Starting Org Swarm on /Users/jmcentire/Personal/ASD/dysfunction/experiments/runs/org_swarm/complex-orgswarm-001/.swarm_project...
Starting run bae8389f0153 for /Users/jmcentire/Personal/ASD/dysfunction/experiments/runs/org_swarm/complex-orgswarm-001/.swarm_project
  Formation: auto
  IO mode: autonomous
  Budget: $25.00

[bae8389f0153] paused          $4.1256
  Formation: thorough
  Stages: diagnose(ok) → architect(ok) → architect_review(ok) → locate(ok) → execute(ok) → execute(ok) → test(ok)
  Project: /Users/jmcentire/Personal/ASD/dysfunction/experiments/runs/org_swarm/complex-orgswarm-001/.swarm_project
  Reason: Signal: Multiple consternation signals (architect, test) — systemic concern

  State saved: /Users/jmcentire/Personal/ASD/dysfunction/experiments/runs/org_swarm/complex-orgswarm-001/.swarm_project/.swarm/state.json
  Resume with: swarm run /Users/jmcentire/Personal/ASD/dysfunction/experiments/runs/org_swarm/complex-orgswarm-001/.swarm_project
           or: swarm resume /Users/jmcentire/Personal/ASD/dysfunction/experiments/runs/org_swarm/complex-orgswarm-001/.swarm_project


============================================================
Org Swarm — complex-orgswarm-001
============================================================
Status:  paused
Cost:    $4.1256 / $25.00
Tokens:  80,248
Time:    655s
Files:   0
Stages:  7/7 passed
Output:  /Users/jmcentire/Personal/ASD/dysfunction/experiments/runs/org_swarm/complex-orgswarm-001
============================================================
